******************************************************************************
                  TI ARM Linker PC v20.2.7                     
******************************************************************************
>> Linked Wed Sep 20 21:39:42 2023

OUTPUT FILE NAME:   <BootLoader.out>
ENTRY POINT SYMBOL: "_c_int00_noargs"  address: 00000b55


MEMORY CONFIGURATION

         name            origin    length      used     unused   attr    fill
----------------------  --------  ---------  --------  --------  ----  --------
  FLASH                 00000000   00040000  00001410  0003ebf0  R  X
  SRAM                  20000000   00008000  00000471  00007b8f  RW X


SEGMENT ALLOCATION MAP

run origin  load origin   length   init length attrs members
----------  ----------- ---------- ----------- ----- -------
00000000    00000000    00001410   00001410    r-x
  00000000    00000000    0000026c   0000026c    r-- .intvecs
  0000026c    0000026c    00000abc   00000abc    r-x .text
  00000d28    00000d28    000006b8   000006b8    r-- .const
  000013e0    000013e0    00000030   00000030    r-- .cinit
20000000    20000000    00000475   00000000    rw-
  20000000    20000000    0000026c   00000000    rw- .vtable
  20000270    20000270    00000200   00000000    rw- .stack
  20000470    20000470    00000005   00000000    rw- .data


SECTION ALLOCATION MAP

 output                                  attributes/
section   page    origin      length       input sections
--------  ----  ----------  ----------   ----------------
.intvecs   0    00000000    0000026c     
                  00000000    0000026c     tm4c123gh6pm_startup_ccs.obj (.intvecs)

.text      0    0000026c    00000abc     
                  0000026c    0000016c     driverlib.lib : gpio.obj (.text:GPIOPadConfigSet)
                  000003d8    00000168     bootloader.obj (.text)
                  00000540    00000118     driverlib.lib : sysctl.obj (.text:SysCtlClockGet)
                  00000658    0000009c     rtsv7M4_T_le_v4SPD16_eabi.lib : memcpy_t2.asm.obj (.text)
                  000006f4    00000088     uart.obj (.text)
                  0000077c    0000007c     timer.obj (.text)
                  000007f8    00000068     driverlib.lib : flash.obj (.text:FlashProgram)
                  00000860    00000068                   : interrupt.obj (.text:IntEnable)
                  000008c8    00000068     rtsv7M4_T_le_v4SPD16_eabi.lib : copy_decompress_lzss.c.obj (.text:decompress:lzss:__TI_decompress_lzss)
                  00000930    00000060     driverlib.lib : timer.obj (.text:TimerConfigure)
                  00000990    0000004c                   : gpio.obj (.text:GPIOPinConfigure)
                  000009dc    0000004c                   : timer.obj (.text:_TimerIntNumberGet)
                  00000a28    00000046                   : uart.obj (.text:UARTConfigSetExpClk)
                  00000a6e    00000002     --HOLE-- [fill = 0]
                  00000a70    00000044     rtsv7M4_T_le_v4SPD16_eabi.lib : autoinit.c.obj (.text:__TI_auto_init_nobinit_nopinit:__TI_auto_init_nobinit_nopinit)
                  00000ab4    00000036     main.obj (.text)
                  00000aea    00000002     --HOLE-- [fill = 0]
                  00000aec    00000034     driverlib.lib : interrupt.obj (.text:IntRegister)
                  00000b20    00000034                   : sysctl.obj (.text:SysCtlPeripheralEnable)
                  00000b54    00000034     rtsv7M4_T_le_v4SPD16_eabi.lib : boot_cortex_m.c.obj (.text:_c_int00_noargs:_c_int00_noargs)
                  00000b88    00000030     driverlib.lib : flash.obj (.text:FlashErase)
                  00000bb8    0000002c                   : gpio.obj (.text:GPIODirModeSet)
                  00000be4    00000020                   : uart.obj (.text:UARTDisable)
                  00000c04    0000001c     rtsv7M4_T_le_v4SPD16_eabi.lib : copy_zero_init.c.obj (.text:decompress:ZI:__TI_zero_init_nomemset:__TI_zero_init_nomemset)
                  00000c20    00000018     driverlib.lib : timer.obj (.text:TimerIntRegister)
                  00000c38    00000016                   : gpio.obj (.text:GPIOPinTypeUART)
                  00000c4e    00000014                   : uart.obj (.text:UARTEnable)
                  00000c62    00000014     rtsv7M4_T_le_v4SPD16_eabi.lib : strlen.c.obj (.text:strlen)
                  00000c76    00000012     driverlib.lib : timer.obj (.text:TimerLoadSet)
                  00000c88    00000010                   : interrupt.obj (.text:IntMasterDisable)
                  00000c98    00000010                   : interrupt.obj (.text:IntMasterEnable)
                  00000ca8    0000000e                   : timer.obj (.text:TimerEnable)
                  00000cb6    0000000e                   : uart.obj (.text:UARTCharsAvail)
                  00000cc4    0000000e     rtsv7M4_T_le_v4SPD16_eabi.lib : copy_decompress_none.c.obj (.text:decompress:none:__TI_decompress_none)
                  00000cd2    0000000c     driverlib.lib : cpu.obj (.text:CPUcpsid)
                  00000cde    0000000c                   : cpu.obj (.text:CPUcpsie)
                  00000cea    0000000c     tm4c123gh6pm_startup_ccs.obj (.text)
                  00000cf6    0000000a     driverlib.lib : uart.obj (.text:UARTCharGet)
                  00000d00    0000000a                   : uart.obj (.text:UARTCharPut)
                  00000d0a    0000000a                   : uart.obj (.text:UARTFIFODisable)
                  00000d14    00000008                   : timer.obj (.text:TimerIntEnable)
                  00000d1c    00000004                   : timer.obj (.text:TimerIntClear)
                  00000d20    00000004     rtsv7M4_T_le_v4SPD16_eabi.lib : pre_init.c.obj (.text:_system_pre_init)
                  00000d24    00000004                                   : exit.c.obj (.text:abort:abort)

.const     0    00000d28    000006b8     
                  00000d28    00000508     bootloader.obj (.const:.string:dummy_image_0)
                  00001230    00000090     driverlib.lib : gpio.obj (.const:g_pui32GPIOBaseAddrs)
                  000012c0    0000006c                   : sysctl.obj (.const:g_pui32Xtals)
                  0000132c    00000060                   : timer.obj (.const:g_ppui32TimerIntMap)
                  0000138c    00000040                   : timer.obj (.const:g_ppui32TimerIntMapSnowflake)
                  000013cc    00000014                   : interrupt.obj (.const:g_pui32EnRegs)

.cinit     0    000013e0    00000030     
                  000013e0    0000000c     (__TI_handler_table)
                  000013ec    00000004     --HOLE-- [fill = 0]
                  000013f0    00000008     (.cinit..vtable.load) [load image, compression = zero_init]
                  000013f8    00000007     (.cinit..data.load) [load image, compression = lzss]
                  000013ff    00000001     --HOLE-- [fill = 0]
                  00001400    00000010     (__TI_cinit_table)

.init_array 
*          0    00000000    00000000     UNINITIALIZED

.vtable    0    20000000    0000026c     UNINITIALIZED
                  20000000    0000026c     driverlib.lib : interrupt.obj (.vtable)

.data      0    20000470    00000005     UNINITIALIZED
                  20000470    00000005     bootloader.obj (.data)

.stack     0    20000270    00000200     UNINITIALIZED
                  20000270    00000004     rtsv7M4_T_le_v4SPD16_eabi.lib : boot_cortex_m.c.obj (.stack)
                  20000274    000001fc     --HOLE--

__llvm_prf_cnts 
*          0    20000000    00000000     UNINITIALIZED

MODULE SUMMARY

       Module                         code   ro data   rw data
       ------                         ----   -------   -------
    .\
       bootloader.obj                 360    1288      5      
       tm4c123gh6pm_startup_ccs.obj   12     620       0      
       uart.obj                       136    0         0      
       timer.obj                      124    0         0      
       main.obj                       54     0         0      
    +--+------------------------------+------+---------+---------+
       Total:                         686    1908      5      
                                                              
    F:/Embedded/ti/tivaware/driverlib/ccs/Debug/driverlib.lib
       interrupt.obj                  188    20        620    
       gpio.obj                       506    144       0      
       sysctl.obj                     332    108       0      
       timer.obj                      240    160       0      
       uart.obj                       166    0         0      
       flash.obj                      152    0         0      
       cpu.obj                        24     0         0      
    +--+------------------------------+------+---------+---------+
       Total:                         1608   432       620    
                                                              
    F:\Embedded\ti\ccs\tools\compiler\ti-cgt-arm_20.2.7.LTS\lib\rtsv7M4_T_le_v4SPD16_eabi.lib
       memcpy_t2.asm.obj              156    0         0      
       copy_decompress_lzss.c.obj     104    0         0      
       autoinit.c.obj                 68     0         0      
       boot_cortex_m.c.obj            52     0         0      
       copy_zero_init.c.obj           28     0         0      
       strlen.c.obj                   20     0         0      
       copy_decompress_none.c.obj     14     0         0      
       exit.c.obj                     4      0         0      
       pre_init.c.obj                 4      0         0      
    +--+------------------------------+------+---------+---------+
       Total:                         450    0         0      
                                                              
       Stack:                         0      0         512    
       Linker Generated:              0      43        0      
    +--+------------------------------+------+---------+---------+
       Grand Total:                   2744   2383      1137   


LINKER GENERATED COPY TABLES

__TI_cinit_table @ 00001400 records: 2, size/record: 8, table size: 16
	.vtable: load addr=000013f0, load size=00000008 bytes, run addr=20000000, run size=0000026c bytes, compression=zero_init
	.data: load addr=000013f8, load size=00000007 bytes, run addr=20000470, run size=00000005 bytes, compression=lzss


LINKER GENERATED HANDLER TABLE

__TI_handler_table @ 000013e0 records: 3, size/record: 4, table size: 12
	index: 0, handler: __TI_zero_init
	index: 1, handler: __TI_decompress_lzss
	index: 2, handler: __TI_decompress_none


GLOBAL SYMBOLS: SORTED ALPHABETICALLY BY Name 

address   name                          
-------   ----                          
00000d25  C$$EXIT                       
00000cd3  CPUcpsid                      
00000cdf  CPUcpsie                      
00000b89  FlashErase                    
000007f9  FlashProgram                  
00000bb9  GPIODirModeSet                
0000026d  GPIOPadConfigSet              
00000991  GPIOPinConfigure              
00000c39  GPIOPinTypeUART               
00000861  IntEnable                     
00000c89  IntMasterDisable              
00000c99  IntMasterEnable               
00000aed  IntRegister                   
00000ceb  ResetISR                      
00000541  SysCtlClockGet                
00000b21  SysCtlPeripheralEnable        
0000077d  Timer0AIntHandler             
00000931  TimerConfigure                
00000ca9  TimerEnable                   
00000d1d  TimerIntClear                 
00000d15  TimerIntEnable                
00000c21  TimerIntRegister              
00000c77  TimerLoadSet                  
20000474  TimerOverFlowFlag             
00000cf7  UARTCharGet                   
00000d01  UARTCharPut                   
00000cb7  UARTCharsAvail                
00000a29  UARTConfigSetExpClk           
00000be5  UARTDisable                   
00000c4f  UARTEnable                    
00000d0b  UARTFIFODisable               
0000073b  UARTprint                     
20000470  __STACK_END                   
00000200  __STACK_SIZE                  
20000470  __STACK_TOP                   
00001400  __TI_CINIT_Base               
00001410  __TI_CINIT_Limit              
000013e0  __TI_Handler_Table_Base       
000013ec  __TI_Handler_Table_Limit      
00000a71  __TI_auto_init_nobinit_nopinit
000008c9  __TI_decompress_lzss          
00000cc5  __TI_decompress_none          
ffffffff  __TI_pprof_out_hndl           
ffffffff  __TI_prof_data_size           
ffffffff  __TI_prof_data_start          
00000000  __TI_static_base__            
00000c05  __TI_zero_init_nomemset       
00000659  __aeabi_memcpy                
00000659  __aeabi_memcpy4               
00000659  __aeabi_memcpy8               
ffffffff  __binit__                     
ffffffff  __c_args__                    
UNDEFED   __mpu_init                    
20000270  __stack                       
20000000  __start___llvm_prf_cnts       
20000000  __stop___llvm_prf_cnts        
00000b55  _c_int00_noargs               
UNDEFED   _system_post_cinit            
00000d21  _system_pre_init              
00000d25  abort                         
ffffffff  binit                         
000003ef  check_update                  
00000d28  dummy_image_0                 
20000000  g_pfnRAMVectors               
00000000  g_pfnVectors                  
0000078f  init_timer                    
000006f5  init_uart                     
000003d9  jump_to_app                   
00000ab5  main                          
00000659  memcpy                        
20000470  myData                        
000007a1  start_timer_ms                
00000c63  strlen                        
0000043d  update                        


GLOBAL SYMBOLS: SORTED BY Symbol Address 

address   name                          
-------   ----                          
00000000  __TI_static_base__            
00000000  g_pfnVectors                  
00000200  __STACK_SIZE                  
0000026d  GPIOPadConfigSet              
000003d9  jump_to_app                   
000003ef  check_update                  
0000043d  update                        
00000541  SysCtlClockGet                
00000659  __aeabi_memcpy                
00000659  __aeabi_memcpy4               
00000659  __aeabi_memcpy8               
00000659  memcpy                        
000006f5  init_uart                     
0000073b  UARTprint                     
0000077d  Timer0AIntHandler             
0000078f  init_timer                    
000007a1  start_timer_ms                
000007f9  FlashProgram                  
00000861  IntEnable                     
000008c9  __TI_decompress_lzss          
00000931  TimerConfigure                
00000991  GPIOPinConfigure              
00000a29  UARTConfigSetExpClk           
00000a71  __TI_auto_init_nobinit_nopinit
00000ab5  main                          
00000aed  IntRegister                   
00000b21  SysCtlPeripheralEnable        
00000b55  _c_int00_noargs               
00000b89  FlashErase                    
00000bb9  GPIODirModeSet                
00000be5  UARTDisable                   
00000c05  __TI_zero_init_nomemset       
00000c21  TimerIntRegister              
00000c39  GPIOPinTypeUART               
00000c4f  UARTEnable                    
00000c63  strlen                        
00000c77  TimerLoadSet                  
00000c89  IntMasterDisable              
00000c99  IntMasterEnable               
00000ca9  TimerEnable                   
00000cb7  UARTCharsAvail                
00000cc5  __TI_decompress_none          
00000cd3  CPUcpsid                      
00000cdf  CPUcpsie                      
00000ceb  ResetISR                      
00000cf7  UARTCharGet                   
00000d01  UARTCharPut                   
00000d0b  UARTFIFODisable               
00000d15  TimerIntEnable                
00000d1d  TimerIntClear                 
00000d21  _system_pre_init              
00000d25  C$$EXIT                       
00000d25  abort                         
00000d28  dummy_image_0                 
000013e0  __TI_Handler_Table_Base       
000013ec  __TI_Handler_Table_Limit      
00001400  __TI_CINIT_Base               
00001410  __TI_CINIT_Limit              
20000000  __start___llvm_prf_cnts       
20000000  __stop___llvm_prf_cnts        
20000000  g_pfnRAMVectors               
20000270  __stack                       
20000470  __STACK_END                   
20000470  __STACK_TOP                   
20000470  myData                        
20000474  TimerOverFlowFlag             
ffffffff  __TI_pprof_out_hndl           
ffffffff  __TI_prof_data_size           
ffffffff  __TI_prof_data_start          
ffffffff  __binit__                     
ffffffff  __c_args__                    
ffffffff  binit                         
UNDEFED   __mpu_init                    
UNDEFED   _system_post_cinit            

[74 symbols]
