******************************************************************************
                  TI ARM Linker PC v20.2.7                     
******************************************************************************
>> Linked Sun Sep 24 00:33:51 2023

OUTPUT FILE NAME:   <BootLoader.out>
ENTRY POINT SYMBOL: "_c_int00_noargs"  address: 00000c3d


MEMORY CONFIGURATION

         name            origin    length      used     unused   attr    fill
----------------------  --------  ---------  --------  --------  ----  --------
  FLASH                 00000000   00040000  00000fe6  0003f01a  R  X
  SRAM                  20000000   00008000  00000a4d  000075b3  RW X


SEGMENT ALLOCATION MAP

run origin  load origin   length   init length attrs members
----------  ----------- ---------- ----------- ----- -------
00000000    00000000    00000fe8   00000fe8    r-x
  00000000    00000000    0000026c   0000026c    r-- .intvecs
  0000026c    0000026c    00000b8a   00000b8a    r-x .text
  00000df8    00000df8    000001b0   000001b0    r-- .const
  00000fa8    00000fa8    00000040   00000040    r-- .cinit
20000000    20000000    00000a4d   00000000    rw-
  20000000    20000000    0000026c   00000000    rw- .vtable
  2000026c    2000026c    000005dc   00000000    rw- .bss
  20000848    20000848    00000200   00000000    rw- .stack
  20000a48    20000a48    00000005   00000000    rw- .data


SECTION ALLOCATION MAP

 output                                  attributes/
section   page    origin      length       input sections
--------  ----  ----------  ----------   ----------------
.intvecs   0    00000000    0000026c     
                  00000000    0000026c     tm4c123gh6pm_startup_ccs.obj (.intvecs)

.text      0    0000026c    00000b8a     
                  0000026c    000001dc     bootloader.obj (.text)
                  00000448    0000016c     driverlib.lib : gpio.obj (.text:GPIOPadConfigSet)
                  000005b4    00000118                   : sysctl.obj (.text:SysCtlClockGet)
                  000006cc    0000009c     rtsv7M4_T_le_v4SPD16_eabi.lib : memcpy_t2.asm.obj (.text)
                  00000768    00000080     uart.obj (.text)
                  000007e8    0000007c     timer.obj (.text)
                  00000864    0000007a     rtsv7M4_T_le_v4SPD16_eabi.lib : memset_t2.asm.obj (.text)
                  000008de    00000002     --HOLE-- [fill = 0]
                  000008e0    00000068     driverlib.lib : flash.obj (.text:FlashProgram)
                  00000948    00000068                   : interrupt.obj (.text:IntEnable)
                  000009b0    00000068     rtsv7M4_T_le_v4SPD16_eabi.lib : copy_decompress_lzss.c.obj (.text:decompress:lzss:__TI_decompress_lzss)
                  00000a18    00000060     driverlib.lib : timer.obj (.text:TimerConfigure)
                  00000a78    0000004c                   : gpio.obj (.text:GPIOPinConfigure)
                  00000ac4    0000004c                   : timer.obj (.text:_TimerIntNumberGet)
                  00000b10    00000046                   : uart.obj (.text:UARTConfigSetExpClk)
                  00000b56    00000002     --HOLE-- [fill = 0]
                  00000b58    00000044     rtsv7M4_T_le_v4SPD16_eabi.lib : autoinit.c.obj (.text:__TI_auto_init_nobinit_nopinit:__TI_auto_init_nobinit_nopinit)
                  00000b9c    00000036     main.obj (.text)
                  00000bd2    00000002     --HOLE-- [fill = 0]
                  00000bd4    00000034     driverlib.lib : interrupt.obj (.text:IntRegister)
                  00000c08    00000034                   : sysctl.obj (.text:SysCtlPeripheralEnable)
                  00000c3c    00000034     rtsv7M4_T_le_v4SPD16_eabi.lib : boot_cortex_m.c.obj (.text:_c_int00_noargs:_c_int00_noargs)
                  00000c70    00000030     driverlib.lib : flash.obj (.text:FlashErase)
                  00000ca0    0000002c                   : gpio.obj (.text:GPIODirModeSet)
                  00000ccc    00000020                   : uart.obj (.text:UARTDisable)
                  00000cec    00000018                   : timer.obj (.text:TimerIntRegister)
                  00000d04    00000016                   : gpio.obj (.text:GPIOPinTypeUART)
                  00000d1a    00000014                   : uart.obj (.text:UARTEnable)
                  00000d2e    00000014     rtsv7M4_T_le_v4SPD16_eabi.lib : strlen.c.obj (.text:strlen)
                  00000d42    00000012     driverlib.lib : timer.obj (.text:TimerLoadSet)
                  00000d54    00000010                   : interrupt.obj (.text:IntMasterDisable)
                  00000d64    00000010                   : interrupt.obj (.text:IntMasterEnable)
                  00000d74    0000000e                   : timer.obj (.text:TimerEnable)
                  00000d82    0000000e                   : uart.obj (.text:UARTCharsAvail)
                  00000d90    0000000e     rtsv7M4_T_le_v4SPD16_eabi.lib : copy_decompress_none.c.obj (.text:decompress:none:__TI_decompress_none)
                  00000d9e    0000000c     driverlib.lib : cpu.obj (.text:CPUcpsid)
                  00000daa    0000000c                   : cpu.obj (.text:CPUcpsie)
                  00000db6    0000000c     rtsv7M4_T_le_v4SPD16_eabi.lib : copy_zero_init.c.obj (.text:decompress:ZI:__TI_zero_init)
                  00000dc2    0000000c     tm4c123gh6pm_startup_ccs.obj (.text)
                  00000dce    0000000a     driverlib.lib : uart.obj (.text:UARTCharGet)
                  00000dd8    0000000a                   : uart.obj (.text:UARTCharPut)
                  00000de2    00000008                   : timer.obj (.text:TimerIntEnable)
                  00000dea    00000004                   : timer.obj (.text:TimerIntClear)
                  00000dee    00000004     rtsv7M4_T_le_v4SPD16_eabi.lib : pre_init.c.obj (.text:_system_pre_init)
                  00000df2    00000004                                   : exit.c.obj (.text:abort:abort)

.const     0    00000df8    000001b0     
                  00000df8    00000090     driverlib.lib : gpio.obj (.const:g_pui32GPIOBaseAddrs)
                  00000e88    0000006c                   : sysctl.obj (.const:g_pui32Xtals)
                  00000ef4    00000060                   : timer.obj (.const:g_ppui32TimerIntMap)
                  00000f54    00000040                   : timer.obj (.const:g_ppui32TimerIntMapSnowflake)
                  00000f94    00000014                   : interrupt.obj (.const:g_pui32EnRegs)

.cinit     0    00000fa8    00000040     
                  00000fa8    0000000c     (__TI_handler_table)
                  00000fb4    00000004     --HOLE-- [fill = 0]
                  00000fb8    00000008     (.cinit..bss.load) [load image, compression = zero_init]
                  00000fc0    00000008     (.cinit..vtable.load) [load image, compression = zero_init]
                  00000fc8    00000007     (.cinit..data.load) [load image, compression = lzss]
                  00000fcf    00000001     --HOLE-- [fill = 0]
                  00000fd0    00000018     (__TI_cinit_table)

.init_array 
*          0    00000000    00000000     UNINITIALIZED

.vtable    0    20000000    0000026c     UNINITIALIZED
                  20000000    0000026c     driverlib.lib : interrupt.obj (.vtable)

.bss       0    2000026c    000005dc     UNINITIALIZED
                  2000026c    000005dc     (.common:dummy_image_0)

.data      0    20000a48    00000005     UNINITIALIZED
                  20000a48    00000005     bootloader.obj (.data)

.stack     0    20000848    00000200     UNINITIALIZED
                  20000848    00000004     rtsv7M4_T_le_v4SPD16_eabi.lib : boot_cortex_m.c.obj (.stack)
                  2000084c    000001fc     --HOLE--

__llvm_prf_cnts 
*          0    20000000    00000000     UNINITIALIZED

MODULE SUMMARY

       Module                         code   ro data   rw data
       ------                         ----   -------   -------
    .\
       bootloader.obj                 476    0         1505   
       tm4c123gh6pm_startup_ccs.obj   12     620       0      
       uart.obj                       128    0         0      
       timer.obj                      124    0         0      
       main.obj                       54     0         0      
    +--+------------------------------+------+---------+---------+
       Total:                         794    620       1505   
                                                              
    F:/Embedded/ti/tivaware/driverlib/ccs/Debug/driverlib.lib
       interrupt.obj                  188    20        620    
       gpio.obj                       506    144       0      
       sysctl.obj                     332    108       0      
       timer.obj                      240    160       0      
       uart.obj                       156    0         0      
       flash.obj                      152    0         0      
       cpu.obj                        24     0         0      
    +--+------------------------------+------+---------+---------+
       Total:                         1598   432       620    
                                                              
    F:\Embedded\ti\ccs\tools\compiler\ti-cgt-arm_20.2.7.LTS\lib\rtsv7M4_T_le_v4SPD16_eabi.lib
       memcpy_t2.asm.obj              156    0         0      
       memset_t2.asm.obj              122    0         0      
       copy_decompress_lzss.c.obj     104    0         0      
       autoinit.c.obj                 68     0         0      
       boot_cortex_m.c.obj            52     0         0      
       strlen.c.obj                   20     0         0      
       copy_decompress_none.c.obj     14     0         0      
       copy_zero_init.c.obj           12     0         0      
       exit.c.obj                     4      0         0      
       pre_init.c.obj                 4      0         0      
    +--+------------------------------+------+---------+---------+
       Total:                         556    0         0      
                                                              
       Stack:                         0      0         512    
       Linker Generated:              0      59        0      
    +--+------------------------------+------+---------+---------+
       Grand Total:                   2948   1111      2637   


LINKER GENERATED COPY TABLES

__TI_cinit_table @ 00000fd0 records: 3, size/record: 8, table size: 24
	.bss: load addr=00000fb8, load size=00000008 bytes, run addr=2000026c, run size=000005dc bytes, compression=zero_init
	.vtable: load addr=00000fc0, load size=00000008 bytes, run addr=20000000, run size=0000026c bytes, compression=zero_init
	.data: load addr=00000fc8, load size=00000007 bytes, run addr=20000a48, run size=00000005 bytes, compression=lzss


LINKER GENERATED HANDLER TABLE

__TI_handler_table @ 00000fa8 records: 3, size/record: 4, table size: 12
	index: 0, handler: __TI_zero_init
	index: 1, handler: __TI_decompress_lzss
	index: 2, handler: __TI_decompress_none


GLOBAL SYMBOLS: SORTED ALPHABETICALLY BY Name 

address   name                          
-------   ----                          
00000df3  C$$EXIT                       
00000d9f  CPUcpsid                      
00000dab  CPUcpsie                      
00000c71  FlashErase                    
000008e1  FlashProgram                  
00000ca1  GPIODirModeSet                
00000449  GPIOPadConfigSet              
00000a79  GPIOPinConfigure              
00000d05  GPIOPinTypeUART               
00000949  IntEnable                     
00000d55  IntMasterDisable              
00000d65  IntMasterEnable               
00000bd5  IntRegister                   
00000dc3  ResetISR                      
000005b5  SysCtlClockGet                
00000c09  SysCtlPeripheralEnable        
000007e9  Timer0AIntHandler             
00000a19  TimerConfigure                
00000d75  TimerEnable                   
00000deb  TimerIntClear                 
00000de3  TimerIntEnable                
00000ced  TimerIntRegister              
00000d43  TimerLoadSet                  
20000a4c  TimerOverFlowFlag             
00000dcf  UARTCharGet                   
00000dd9  UARTCharPut                   
00000d83  UARTCharsAvail                
00000b11  UARTConfigSetExpClk           
00000ccd  UARTDisable                   
00000d1b  UARTEnable                    
000007a9  UARTprint                     
20000a48  __STACK_END                   
00000200  __STACK_SIZE                  
20000a48  __STACK_TOP                   
00000fd0  __TI_CINIT_Base               
00000fe8  __TI_CINIT_Limit              
00000fa8  __TI_Handler_Table_Base       
00000fb4  __TI_Handler_Table_Limit      
00000b59  __TI_auto_init_nobinit_nopinit
000009b1  __TI_decompress_lzss          
00000d91  __TI_decompress_none          
ffffffff  __TI_pprof_out_hndl           
ffffffff  __TI_prof_data_size           
ffffffff  __TI_prof_data_start          
00000000  __TI_static_base__            
00000db7  __TI_zero_init                
00000865  __aeabi_memclr                
00000865  __aeabi_memclr4               
00000865  __aeabi_memclr8               
000006cd  __aeabi_memcpy                
000006cd  __aeabi_memcpy4               
000006cd  __aeabi_memcpy8               
00000867  __aeabi_memset                
00000867  __aeabi_memset4               
00000867  __aeabi_memset8               
ffffffff  __binit__                     
ffffffff  __c_args__                    
UNDEFED   __mpu_init                    
20000848  __stack                       
20000000  __start___llvm_prf_cnts       
20000000  __stop___llvm_prf_cnts        
00000c3d  _c_int00_noargs               
UNDEFED   _system_post_cinit            
00000def  _system_pre_init              
00000df3  abort                         
ffffffff  binit                         
00000283  check_update                  
2000026c  dummy_image_0                 
20000000  g_pfnRAMVectors               
00000000  g_pfnVectors                  
000007fb  init_timer                    
00000769  init_uart                     
0000026d  jump_to_app                   
00000b9d  main                          
000006cd  memcpy                        
0000086d  memset                        
20000a48  myData                        
0000080d  start_timer_ms                
00000d2f  strlen                        
000002cf  update                        


GLOBAL SYMBOLS: SORTED BY Symbol Address 

address   name                          
-------   ----                          
00000000  __TI_static_base__            
00000000  g_pfnVectors                  
00000200  __STACK_SIZE                  
0000026d  jump_to_app                   
00000283  check_update                  
000002cf  update                        
00000449  GPIOPadConfigSet              
000005b5  SysCtlClockGet                
000006cd  __aeabi_memcpy                
000006cd  __aeabi_memcpy4               
000006cd  __aeabi_memcpy8               
000006cd  memcpy                        
00000769  init_uart                     
000007a9  UARTprint                     
000007e9  Timer0AIntHandler             
000007fb  init_timer                    
0000080d  start_timer_ms                
00000865  __aeabi_memclr                
00000865  __aeabi_memclr4               
00000865  __aeabi_memclr8               
00000867  __aeabi_memset                
00000867  __aeabi_memset4               
00000867  __aeabi_memset8               
0000086d  memset                        
000008e1  FlashProgram                  
00000949  IntEnable                     
000009b1  __TI_decompress_lzss          
00000a19  TimerConfigure                
00000a79  GPIOPinConfigure              
00000b11  UARTConfigSetExpClk           
00000b59  __TI_auto_init_nobinit_nopinit
00000b9d  main                          
00000bd5  IntRegister                   
00000c09  SysCtlPeripheralEnable        
00000c3d  _c_int00_noargs               
00000c71  FlashErase                    
00000ca1  GPIODirModeSet                
00000ccd  UARTDisable                   
00000ced  TimerIntRegister              
00000d05  GPIOPinTypeUART               
00000d1b  UARTEnable                    
00000d2f  strlen                        
00000d43  TimerLoadSet                  
00000d55  IntMasterDisable              
00000d65  IntMasterEnable               
00000d75  TimerEnable                   
00000d83  UARTCharsAvail                
00000d91  __TI_decompress_none          
00000d9f  CPUcpsid                      
00000dab  CPUcpsie                      
00000db7  __TI_zero_init                
00000dc3  ResetISR                      
00000dcf  UARTCharGet                   
00000dd9  UARTCharPut                   
00000de3  TimerIntEnable                
00000deb  TimerIntClear                 
00000def  _system_pre_init              
00000df3  C$$EXIT                       
00000df3  abort                         
00000fa8  __TI_Handler_Table_Base       
00000fb4  __TI_Handler_Table_Limit      
00000fd0  __TI_CINIT_Base               
00000fe8  __TI_CINIT_Limit              
20000000  __start___llvm_prf_cnts       
20000000  __stop___llvm_prf_cnts        
20000000  g_pfnRAMVectors               
2000026c  dummy_image_0                 
20000848  __stack                       
20000a48  __STACK_END                   
20000a48  __STACK_TOP                   
20000a48  myData                        
20000a4c  TimerOverFlowFlag             
ffffffff  __TI_pprof_out_hndl           
ffffffff  __TI_prof_data_size           
ffffffff  __TI_prof_data_start          
ffffffff  __binit__                     
ffffffff  __c_args__                    
ffffffff  binit                         
UNDEFED   __mpu_init                    
UNDEFED   _system_post_cinit            

[80 symbols]
